// Jest Snapshot v1, https://goo.gl/fbAQLP

exports[`<Footer /> should render and match the snapshot 1`] = `
<div
  className="Footer"
>
  @ 
  2023
   
  Anime Web App
</div>
`;
