// Jest Snapshot v1, https://goo.gl/fbAQLP

exports[`<UserProfile /> should render and match the snapshot 1`] = `
<div>
  <div
    className="UserProfile__user"
  >
    Name
  </div>
  <Button
    style="default"
  >
    <ForwardRef(SvgUser) />
  </Button>
</div>
`;
